
≡ƒÄ» PICKWISE COMPREHENSIVE UI & AUTH TEST
================================================================================

≡ƒôï PART 1: AUTHENTICATION SYSTEM
================================================================================

1∩╕ÅΓâú  Testing Registration...
   Γ£à Registration: SUCCESS
   ≡ƒôº Email: ui_test_1769376921056@pickwise.com
   ≡ƒæñ Username: UITester1769376921056
   ≡ƒöæ Token received: eyJhbGciOiJIUzI1NiIs...

2∩╕ÅΓâú  Testing Login...
   Γ£à Login: SUCCESS
   ≡ƒöæ Token received: eyJhbGciOiJIUzI1NiIs...

3∩╕ÅΓâú  Testing Auth Middleware...
   Γ£à Auth Middleware: SUCCESS
   ≡ƒæñ Authenticated as: UITester1769376921056


≡ƒôï PART 2: CROSS-IP RELATIONS UI
================================================================================

4∩╕ÅΓâú  Finding Harry Potter POA in database...
   Γ£à Found: Harry Potter and the Prisoner of Azkaban
   ≡ƒåö ID: 697658c8695ce949d4e418f6
   ≡ƒöù Cross-IP count: 7

5∩╕ÅΓâú  Testing API endpoint for Cross-IP data...
   Γ£à API Response: SUCCESS
   ≡ƒöù Cross-IP in response: 7

   ≡ƒôï Relations breakdown:

   ≡ƒôü PREQUEL (2 items):
      Γ£à Harry Potter and the Sorcerer's Stone (movie)
      Γ£à Harry Potter and the Chamber of Secrets (movie)

   ≡ƒôü SEQUEL (1 items):
      Γ£à Harry Potter and the Goblet of Fire (movie)

   ≡ƒôü SPIN_OFF (1 items):
      Γ£à Fantastic Beasts and Where to Find Them (movie)

   ≡ƒôü VIDEO_GAME (1 items):
      Γ£à Hogwarts Legacy (videogame)

   ≡ƒôü DOCUMENTARY (1 items):
      Γ£à Harry Potter 20th Anniversary: Return to Hogwarts (documentary)

   ≡ƒôü ADAPTATION (1 items):
      Γ£à Harry Potter and the Philosopher's Stone (novel)

   Γ£à CROSS-IP UI DATA: READY FOR DISPLAY
   ≡ƒÆí The RelationsSection component will group these by:
      - Prequel, Sequel, Spinoff
      - Games, Novels, Documentary


≡ƒôè TEST SUMMARY
================================================================================
Γ£à Registration: WORKING
Γ£à Login: WORKING
Γ£à Auth Middleware: WORKING
Γ£à Cross-IP Data: 7 relations available
Γ£à Cross-IP UI: Ready to display in RelationsSection component

≡ƒÄë ALL SYSTEMS OPERATIONAL!
================================================================================

≡ƒô¥ TO SEE CROSS-IP UI:
   1. Visit: http://localhost:5173/
   2. Search: "Harry Potter and the Prisoner of Azkaban"
   3. Click on the movie
   4. Scroll down to see the Relations section
   5. You will see all 7 connected items grouped by type
   6. Click any item to navigate to its detail page

